// Jest Snapshot v1, https://goo.gl/fbAQLP

exports[`domains initDomainTracking should set up page request listener for relevant target types 1`] = `
{
  "infra": [],
  "max": {
    "allowed": [
      "undefined(undefined) bar.com",
    ],
    "blocked": [
      "undefined(undefined) baz.com",
    ],
    "pages": [
      "foo.com/",
    ],
  },
}
`;
