// Jest Snapshot v1, https://jestjs.io/docs/snapshot-testing

exports[`transactionUniqueId should return the same unique id for the same transaction 1`] = `"2021-01-01_hapoalim_123_1000_identifier1"`;
